root@c657fb5b2f98:/app# apt install -y imagemagick
Reading package lists... Done
Building dependency tree... Done
Reading state information... Done
The following additional packages will be installed:
  dbus dbus-bin dbus-daemon dbus-session-bus-common dbus-system-bus-common fontconfig fonts-droid-fallback fonts-noto-mono
  fonts-urw-base35 ghostscript hicolor-icon-theme imagemagick-6-common imagemagick-6.q16 krb5-locales libapparmor1
  libavahi-client3 libavahi-common-data libavahi-common3 libcairo2 libcups2t64 libdatrie1 libdbus-1-3 libdjvulibre-text
  libdjvulibre21 libfftw3-double3 libfontenc1 libgs-common libgs10 libgs10-common libgssapi-krb5-2 libice6 libidn12 libijs-0.35
  libimath-3-1-29t64 libjbig2dec0 libjxr-tools libjxr0t64 libk5crypto3 libkeyutils1 libkrb5-3 libkrb5support0 liblqr-1-0
  libltdl7 libmagickcore-6.q16-7-extra libmagickcore-6.q16-7t64 libmagickwand-6.q16-7t64 libnetpbm11t64 libopenexr-3-1-30
  libpango-1.0-0 libpangocairo-1.0-0 libpangoft2-1.0-0 libpaper-utils libpaper1 libpixman-1-0 libraw23t64 libsm6 libthai-data
  libthai0 libwmflite-0.2-7 libxcb-render0 libxcb-shm0 libxt6t64 netpbm poppler-data ucf xfonts-encodings xfonts-utils
Suggested packages:
  default-dbus-session-bus | dbus-session-bus fonts-noto fonts-freefont-otf | fonts-freefont-ttf fonts-texgyre texlive-binaries
  imagemagick-6-doc autotrace cups-bsd | lpr | lprng curl enscript ffmpeg gimp gnuplot grads graphviz groff-base hp2xx html2ps
  libwmf-bin mplayer povray radiance sane-utils texlive-base-bin transfig libraw-bin xdg-utils cups-common libfftw3-bin
  libfftw3-dev krb5-doc krb5-user inkscape poppler-utils fonts-japanese-mincho | fonts-ipafont-mincho fonts-japanese-gothic
  | fonts-ipafont-gothic fonts-arphic-ukai fonts-arphic-uming fonts-nanum
The following NEW packages will be installed:
  dbus dbus-bin dbus-daemon dbus-session-bus-common dbus-system-bus-common fontconfig fonts-droid-fallback fonts-noto-mono
  fonts-urw-base35 ghostscript hicolor-icon-theme imagemagick imagemagick-6-common imagemagick-6.q16 krb5-locales libapparmor1
  libavahi-client3 libavahi-common-data libavahi-common3 libcairo2 libcups2t64 libdatrie1 libdbus-1-3 libdjvulibre-text
  libdjvulibre21 libfftw3-double3 libfontenc1 libgs-common libgs10 libgs10-common libgssapi-krb5-2 libice6 libidn12 libijs-0.35
  libimath-3-1-29t64 libjbig2dec0 libjxr-tools libjxr0t64 libk5crypto3 libkeyutils1 libkrb5-3 libkrb5support0 liblqr-1-0
  libltdl7 libmagickcore-6.q16-7-extra libmagickcore-6.q16-7t64 libmagickwand-6.q16-7t64 libnetpbm11t64 libopenexr-3-1-30
  libpango-1.0-0 libpangocairo-1.0-0 libpangoft2-1.0-0 libpaper-utils libpaper1 libpixman-1-0 libraw23t64 libsm6 libthai-data
  libthai0 libwmflite-0.2-7 libxcb-render0 libxcb-shm0 libxt6t64 netpbm poppler-data ucf xfonts-encodings xfonts-utils
0 upgraded, 68 newly installed, 0 to remove and 14 not upgraded.
Need to get 32.2 MB of archives.
After this operation, 110 MB of additional disk space will be used.
Get:1 http://archive.ubuntu.com/ubuntu noble/main amd64 fonts-droid-fallback all 1:6.0.1r16-1.1build1 [1805 kB]
Get:2 http://archive.ubuntu.com/ubuntu noble/main amd64 libfftw3-double3 amd64 3.3.10-1ubuntu3 [838 kB]
Get:3 http://archive.ubuntu.com/ubuntu noble/universe amd64 liblqr-1-0 amd64 0.4.2-2.1build2 [28.5 kB]
Get:4 http://archive.ubuntu.com/ubuntu noble/main amd64 libltdl7 amd64 2.4.7-7build1 [40.3 kB]
Get:5 http://archive.ubuntu.com/ubuntu noble/main amd64 libraw23t64 amd64 0.21.2-2.1build1 [378 kB]
Get:6 http://archive.ubuntu.com/ubuntu noble/universe amd64 imagemagick-6-common all 8:6.9.12.98+dfsg1-5.2build2 [69.5 kB]
Get:7 http://archive.ubuntu.com/ubuntu noble/universe amd64 libmagickcore-6.q16-7t64 amd64 8:6.9.12.98+dfsg1-5.2build2 [1811 kB]
Get:8 http://archive.ubuntu.com/ubuntu noble/universe amd64 libmagickwand-6.q16-7t64 amd64 8:6.9.12.98+dfsg1-5.2build2 [318 kB]
Get:9 http://archive.ubuntu.com/ubuntu noble/main amd64 poppler-data all 0.4.12-1 [2060 kB]
Get:10 http://archive.ubuntu.com/ubuntu noble-updates/main amd64 libdbus-1-3 amd64 1.14.10-4ubuntu4.1 [210 kB]
Get:11 http://archive.ubuntu.com/ubuntu noble-updates/main amd64 dbus-bin amd64 1.14.10-4ubuntu4.1 [39.3 kB]
Get:12 http://archive.ubuntu.com/ubuntu noble-updates/main amd64 dbus-session-bus-common all 1.14.10-4ubuntu4.1 [80.5 kB]
Get:13 http://archive.ubuntu.com/ubuntu noble-updates/main amd64 libapparmor1 amd64 4.0.1really4.0.1-0ubuntu0.24.04.3 [50.3 kB]
Get:14 http://archive.ubuntu.com/ubuntu noble-updates/main amd64 dbus-daemon amd64 1.14.10-4ubuntu4.1 [118 kB]
Get:15 http://archive.ubuntu.com/ubuntu noble-updates/main amd64 dbus-system-bus-common all 1.14.10-4ubuntu4.1 [81.6 kB]
Get:16 http://archive.ubuntu.com/ubuntu noble-updates/main amd64 dbus amd64 1.14.10-4ubuntu4.1 [24.3 kB]
Get:17 http://archive.ubuntu.com/ubuntu noble-updates/main amd64 krb5-locales all 1.20.1-6ubuntu2.5 [14.5 kB]
Get:18 http://archive.ubuntu.com/ubuntu noble-updates/main amd64 libkrb5support0 amd64 1.20.1-6ubuntu2.5 [34.1 kB]
Get:19 http://archive.ubuntu.com/ubuntu noble-updates/main amd64 libk5crypto3 amd64 1.20.1-6ubuntu2.5 [82.0 kB]
Get:20 http://archive.ubuntu.com/ubuntu noble/main amd64 libkeyutils1 amd64 1.6.3-3build1 [9490 B]
Get:21 http://archive.ubuntu.com/ubuntu noble-updates/main amd64 libkrb5-3 amd64 1.20.1-6ubuntu2.5 [347 kB]
Get:22 http://archive.ubuntu.com/ubuntu noble-updates/main amd64 libgssapi-krb5-2 amd64 1.20.1-6ubuntu2.5 [143 kB]
Get:23 http://archive.ubuntu.com/ubuntu noble/main amd64 ucf all 3.0043+nmu1 [56.5 kB]
Get:24 http://archive.ubuntu.com/ubuntu noble/main amd64 fontconfig amd64 2.15.0-1.1ubuntu2 [180 kB]
Get:25 http://archive.ubuntu.com/ubuntu noble/main amd64 fonts-noto-mono all 20201225-2 [435 kB]
Get:26 http://archive.ubuntu.com/ubuntu noble/main amd64 libfontenc1 amd64 1:1.1.8-1build1 [14.0 kB]
Get:27 http://archive.ubuntu.com/ubuntu noble/main amd64 xfonts-encodings all 1:1.0.5-0ubuntu2 [578 kB]
Get:28 http://archive.ubuntu.com/ubuntu noble/main amd64 xfonts-utils amd64 1:7.7+6build3 [94.4 kB]
Get:29 http://archive.ubuntu.com/ubuntu noble/main amd64 fonts-urw-base35 all 20200910-8 [11.0 MB]
Get:30 http://archive.ubuntu.com/ubuntu noble-updates/main amd64 libgs-common all 10.02.1~dfsg1-0ubuntu7.4 [175 kB]
Get:31 http://archive.ubuntu.com/ubuntu noble-updates/main amd64 libgs10-common all 10.02.1~dfsg1-0ubuntu7.4 [488 kB]
Get:32 http://archive.ubuntu.com/ubuntu noble/main amd64 libavahi-common-data amd64 0.8-13ubuntu6 [29.7 kB]
Get:33 http://archive.ubuntu.com/ubuntu noble/main amd64 libavahi-common3 amd64 0.8-13ubuntu6 [23.3 kB]
Get:34 http://archive.ubuntu.com/ubuntu noble/main amd64 libavahi-client3 amd64 0.8-13ubuntu6 [26.8 kB]
Get:35 http://archive.ubuntu.com/ubuntu noble-updates/main amd64 libcups2t64 amd64 2.4.7-1.2ubuntu7.3 [272 kB]
Get:36 http://archive.ubuntu.com/ubuntu noble/main amd64 libidn12 amd64 1.42-1build1 [55.9 kB]
Get:37 http://archive.ubuntu.com/ubuntu noble/main amd64 libijs-0.35 amd64 0.35-15.1build1 [15.3 kB]
Get:38 http://archive.ubuntu.com/ubuntu noble/main amd64 libjbig2dec0 amd64 0.20-1build3 [65.0 kB]
Get:39 http://archive.ubuntu.com/ubuntu noble/main amd64 libpaper1 amd64 1.1.29build1 [13.4 kB]
Get:40 http://archive.ubuntu.com/ubuntu noble/main amd64 libice6 amd64 2:1.0.10-1build3 [41.4 kB]
Get:41 http://archive.ubuntu.com/ubuntu noble/main amd64 libsm6 amd64 2:1.2.3-1build3 [15.7 kB]
Get:42 http://archive.ubuntu.com/ubuntu noble/main amd64 libxt6t64 amd64 1:1.2.1-1.2build1 [171 kB]
Get:43 http://archive.ubuntu.com/ubuntu noble-updates/main amd64 libgs10 amd64 10.02.1~dfsg1-0ubuntu7.4 [3896 kB]
Get:44 http://archive.ubuntu.com/ubuntu noble-updates/main amd64 ghostscript amd64 10.02.1~dfsg1-0ubuntu7.4 [43.4 kB]
Get:45 http://archive.ubuntu.com/ubuntu noble/main amd64 hicolor-icon-theme all 0.17-2 [9976 B]
Get:46 http://archive.ubuntu.com/ubuntu noble/universe amd64 imagemagick-6.q16 amd64 8:6.9.12.98+dfsg1-5.2build2 [254 kB]
Get:47 http://archive.ubuntu.com/ubuntu noble/universe amd64 imagemagick amd64 8:6.9.12.98+dfsg1-5.2build2 [14.2 kB]
Get:48 http://archive.ubuntu.com/ubuntu noble/main amd64 libpixman-1-0 amd64 0.42.2-1build1 [279 kB]
Get:49 http://archive.ubuntu.com/ubuntu noble/main amd64 libxcb-render0 amd64 1.15-1ubuntu2 [16.2 kB]
Get:50 http://archive.ubuntu.com/ubuntu noble/main amd64 libxcb-shm0 amd64 1.15-1ubuntu2 [5756 B]
Get:51 http://archive.ubuntu.com/ubuntu noble/main amd64 libcairo2 amd64 1.18.0-3build1 [566 kB]
Get:52 http://archive.ubuntu.com/ubuntu noble/main amd64 libdatrie1 amd64 0.2.13-3build1 [19.0 kB]
Get:53 http://archive.ubuntu.com/ubuntu noble/main amd64 libdjvulibre-text all 3.5.28-2build4 [50.8 kB]
Get:54 http://archive.ubuntu.com/ubuntu noble/main amd64 libdjvulibre21 amd64 3.5.28-2build4 [638 kB]
Get:55 http://archive.ubuntu.com/ubuntu noble/universe amd64 libimath-3-1-29t64 amd64 3.1.9-3.1ubuntu2 [72.2 kB]
Get:56 http://archive.ubuntu.com/ubuntu noble/universe amd64 libjxr0t64 amd64 1.2~git20170615.f752187-5.1ubuntu2 [181 kB]
Get:57 http://archive.ubuntu.com/ubuntu noble/universe amd64 libjxr-tools amd64 1.2~git20170615.f752187-5.1ubuntu2 [15.8 kB]
Get:58 http://archive.ubuntu.com/ubuntu noble/universe amd64 libopenexr-3-1-30 amd64 3.1.5-5.1build3 [1004 kB]
Get:59 http://archive.ubuntu.com/ubuntu noble/main amd64 libthai-data all 0.1.29-2build1 [158 kB]
Get:60 http://archive.ubuntu.com/ubuntu noble/main amd64 libthai0 amd64 0.1.29-2build1 [18.9 kB]
Get:61 http://archive.ubuntu.com/ubuntu noble/main amd64 libpango-1.0-0 amd64 1.52.1+ds-1build1 [231 kB]
Get:62 http://archive.ubuntu.com/ubuntu noble/main amd64 libpangoft2-1.0-0 amd64 1.52.1+ds-1build1 [42.5 kB]
Get:63 http://archive.ubuntu.com/ubuntu noble/main amd64 libpangocairo-1.0-0 amd64 1.52.1+ds-1build1 [28.8 kB]
Get:64 http://archive.ubuntu.com/ubuntu noble/main amd64 libwmflite-0.2-7 amd64 0.2.13-1.1build3 [68.6 kB]
Get:65 http://archive.ubuntu.com/ubuntu noble/universe amd64 libmagickcore-6.q16-7-extra amd64 8:6.9.12.98+dfsg1-5.2build2 [70.1 kB]
Get:66 http://archive.ubuntu.com/ubuntu noble/universe amd64 libnetpbm11t64 amd64 2:11.05.02-1.1build1 [114 kB]
Get:67 http://archive.ubuntu.com/ubuntu noble/main amd64 libpaper-utils amd64 1.1.29build1 [8650 B]
Get:68 http://archive.ubuntu.com/ubuntu noble/universe amd64 netpbm amd64 2:11.05.02-1.1build1 [2054 kB]
Fetched 32.2 MB in 4s (7632 kB/s) 
debconf: delaying package configuration, since apt-utils is not installed
Selecting previously unselected package fonts-droid-fallback.
(Reading database ... 24113 files and directories currently installed.)
Preparing to unpack .../00-fonts-droid-fallback_1%3a6.0.1r16-1.1build1_all.deb ...
Unpacking fonts-droid-fallback (1:6.0.1r16-1.1build1) ...
Selecting previously unselected package libfftw3-double3:amd64.
Preparing to unpack .../01-libfftw3-double3_3.3.10-1ubuntu3_amd64.deb ...
Unpacking libfftw3-double3:amd64 (3.3.10-1ubuntu3) ...
Selecting previously unselected package liblqr-1-0:amd64.
Preparing to unpack .../02-liblqr-1-0_0.4.2-2.1build2_amd64.deb ...
Unpacking liblqr-1-0:amd64 (0.4.2-2.1build2) ...
Selecting previously unselected package libltdl7:amd64.
Preparing to unpack .../03-libltdl7_2.4.7-7build1_amd64.deb ...
Unpacking libltdl7:amd64 (2.4.7-7build1) ...
Selecting previously unselected package libraw23t64:amd64.
Preparing to unpack .../04-libraw23t64_0.21.2-2.1build1_amd64.deb ...
Unpacking libraw23t64:amd64 (0.21.2-2.1build1) ...
Selecting previously unselected package imagemagick-6-common.
Preparing to unpack .../05-imagemagick-6-common_8%3a6.9.12.98+dfsg1-5.2build2_all.deb ...
Unpacking imagemagick-6-common (8:6.9.12.98+dfsg1-5.2build2) ...
Selecting previously unselected package libmagickcore-6.q16-7t64:amd64.
Preparing to unpack .../06-libmagickcore-6.q16-7t64_8%3a6.9.12.98+dfsg1-5.2build2_amd64.deb ...
Unpacking libmagickcore-6.q16-7t64:amd64 (8:6.9.12.98+dfsg1-5.2build2) ...
Selecting previously unselected package libmagickwand-6.q16-7t64:amd64.
Preparing to unpack .../07-libmagickwand-6.q16-7t64_8%3a6.9.12.98+dfsg1-5.2build2_amd64.deb ...
Unpacking libmagickwand-6.q16-7t64:amd64 (8:6.9.12.98+dfsg1-5.2build2) ...
Selecting previously unselected package poppler-data.
Preparing to unpack .../08-poppler-data_0.4.12-1_all.deb ...
Unpacking poppler-data (0.4.12-1) ...
Selecting previously unselected package libdbus-1-3:amd64.
Preparing to unpack .../09-libdbus-1-3_1.14.10-4ubuntu4.1_amd64.deb ...
Unpacking libdbus-1-3:amd64 (1.14.10-4ubuntu4.1) ...
Selecting previously unselected package dbus-bin.
Preparing to unpack .../10-dbus-bin_1.14.10-4ubuntu4.1_amd64.deb ...
Unpacking dbus-bin (1.14.10-4ubuntu4.1) ...
Selecting previously unselected package dbus-session-bus-common.
Preparing to unpack .../11-dbus-session-bus-common_1.14.10-4ubuntu4.1_all.deb ...
Unpacking dbus-session-bus-common (1.14.10-4ubuntu4.1) ...
Selecting previously unselected package libapparmor1:amd64.
Preparing to unpack .../12-libapparmor1_4.0.1really4.0.1-0ubuntu0.24.04.3_amd64.deb ...
Unpacking libapparmor1:amd64 (4.0.1really4.0.1-0ubuntu0.24.04.3) ...
Selecting previously unselected package dbus-daemon.
Preparing to unpack .../13-dbus-daemon_1.14.10-4ubuntu4.1_amd64.deb ...
Unpacking dbus-daemon (1.14.10-4ubuntu4.1) ...
Selecting previously unselected package dbus-system-bus-common.
Preparing to unpack .../14-dbus-system-bus-common_1.14.10-4ubuntu4.1_all.deb ...
Unpacking dbus-system-bus-common (1.14.10-4ubuntu4.1) ...
Selecting previously unselected package dbus.
Preparing to unpack .../15-dbus_1.14.10-4ubuntu4.1_amd64.deb ...
Unpacking dbus (1.14.10-4ubuntu4.1) ...
Selecting previously unselected package krb5-locales.
Preparing to unpack .../16-krb5-locales_1.20.1-6ubuntu2.5_all.deb ...
Unpacking krb5-locales (1.20.1-6ubuntu2.5) ...
Selecting previously unselected package libkrb5support0:amd64.
Preparing to unpack .../17-libkrb5support0_1.20.1-6ubuntu2.5_amd64.deb ...
Unpacking libkrb5support0:amd64 (1.20.1-6ubuntu2.5) ...
Selecting previously unselected package libk5crypto3:amd64.
Preparing to unpack .../18-libk5crypto3_1.20.1-6ubuntu2.5_amd64.deb ...
Unpacking libk5crypto3:amd64 (1.20.1-6ubuntu2.5) ...
Selecting previously unselected package libkeyutils1:amd64.
Preparing to unpack .../19-libkeyutils1_1.6.3-3build1_amd64.deb ...
Unpacking libkeyutils1:amd64 (1.6.3-3build1) ...
Selecting previously unselected package libkrb5-3:amd64.
Preparing to unpack .../20-libkrb5-3_1.20.1-6ubuntu2.5_amd64.deb ...
Unpacking libkrb5-3:amd64 (1.20.1-6ubuntu2.5) ...
Selecting previously unselected package libgssapi-krb5-2:amd64.
Preparing to unpack .../21-libgssapi-krb5-2_1.20.1-6ubuntu2.5_amd64.deb ...
Unpacking libgssapi-krb5-2:amd64 (1.20.1-6ubuntu2.5) ...
Selecting previously unselected package ucf.
Preparing to unpack .../22-ucf_3.0043+nmu1_all.deb ...
Moving old data out of the way
Unpacking ucf (3.0043+nmu1) ...
Selecting previously unselected package fontconfig.
Preparing to unpack .../23-fontconfig_2.15.0-1.1ubuntu2_amd64.deb ...
Unpacking fontconfig (2.15.0-1.1ubuntu2) ...
Selecting previously unselected package fonts-noto-mono.
Preparing to unpack .../24-fonts-noto-mono_20201225-2_all.deb ...
Unpacking fonts-noto-mono (20201225-2) ...
Selecting previously unselected package libfontenc1:amd64.
Preparing to unpack .../25-libfontenc1_1%3a1.1.8-1build1_amd64.deb ...
Unpacking libfontenc1:amd64 (1:1.1.8-1build1) ...
Selecting previously unselected package xfonts-encodings.
Preparing to unpack .../26-xfonts-encodings_1%3a1.0.5-0ubuntu2_all.deb ...
Unpacking xfonts-encodings (1:1.0.5-0ubuntu2) ...
Selecting previously unselected package xfonts-utils.
Preparing to unpack .../27-xfonts-utils_1%3a7.7+6build3_amd64.deb ...
Unpacking xfonts-utils (1:7.7+6build3) ...
Selecting previously unselected package fonts-urw-base35.
Preparing to unpack .../28-fonts-urw-base35_20200910-8_all.deb ...
Unpacking fonts-urw-base35 (20200910-8) ...
Selecting previously unselected package libgs-common.
Preparing to unpack .../29-libgs-common_10.02.1~dfsg1-0ubuntu7.4_all.deb ...
Unpacking libgs-common (10.02.1~dfsg1-0ubuntu7.4) ...
Selecting previously unselected package libgs10-common.
Preparing to unpack .../30-libgs10-common_10.02.1~dfsg1-0ubuntu7.4_all.deb ...
Unpacking libgs10-common (10.02.1~dfsg1-0ubuntu7.4) ...
Selecting previously unselected package libavahi-common-data:amd64.
Preparing to unpack .../31-libavahi-common-data_0.8-13ubuntu6_amd64.deb ...
Unpacking libavahi-common-data:amd64 (0.8-13ubuntu6) ...
Selecting previously unselected package libavahi-common3:amd64.
Preparing to unpack .../32-libavahi-common3_0.8-13ubuntu6_amd64.deb ...
Unpacking libavahi-common3:amd64 (0.8-13ubuntu6) ...
Selecting previously unselected package libavahi-client3:amd64.
Preparing to unpack .../33-libavahi-client3_0.8-13ubuntu6_amd64.deb ...
Unpacking libavahi-client3:amd64 (0.8-13ubuntu6) ...
Selecting previously unselected package libcups2t64:amd64.
Preparing to unpack .../34-libcups2t64_2.4.7-1.2ubuntu7.3_amd64.deb ...
Unpacking libcups2t64:amd64 (2.4.7-1.2ubuntu7.3) ...
Selecting previously unselected package libidn12:amd64.
Preparing to unpack .../35-libidn12_1.42-1build1_amd64.deb ...
Unpacking libidn12:amd64 (1.42-1build1) ...
Selecting previously unselected package libijs-0.35:amd64.
Preparing to unpack .../36-libijs-0.35_0.35-15.1build1_amd64.deb ...
Unpacking libijs-0.35:amd64 (0.35-15.1build1) ...
Selecting previously unselected package libjbig2dec0:amd64.
Preparing to unpack .../37-libjbig2dec0_0.20-1build3_amd64.deb ...
Unpacking libjbig2dec0:amd64 (0.20-1build3) ...
Selecting previously unselected package libpaper1:amd64.
Preparing to unpack .../38-libpaper1_1.1.29build1_amd64.deb ...
Unpacking libpaper1:amd64 (1.1.29build1) ...
Selecting previously unselected package libice6:amd64.
Preparing to unpack .../39-libice6_2%3a1.0.10-1build3_amd64.deb ...
Unpacking libice6:amd64 (2:1.0.10-1build3) ...
Selecting previously unselected package libsm6:amd64.
Preparing to unpack .../40-libsm6_2%3a1.2.3-1build3_amd64.deb ...
Unpacking libsm6:amd64 (2:1.2.3-1build3) ...
Selecting previously unselected package libxt6t64:amd64.
Preparing to unpack .../41-libxt6t64_1%3a1.2.1-1.2build1_amd64.deb ...
Unpacking libxt6t64:amd64 (1:1.2.1-1.2build1) ...
Selecting previously unselected package libgs10:amd64.
Preparing to unpack .../42-libgs10_10.02.1~dfsg1-0ubuntu7.4_amd64.deb ...
Unpacking libgs10:amd64 (10.02.1~dfsg1-0ubuntu7.4) ...
Selecting previously unselected package ghostscript.
Preparing to unpack .../43-ghostscript_10.02.1~dfsg1-0ubuntu7.4_amd64.deb ...
Unpacking ghostscript (10.02.1~dfsg1-0ubuntu7.4) ...
Selecting previously unselected package hicolor-icon-theme.
Preparing to unpack .../44-hicolor-icon-theme_0.17-2_all.deb ...
Unpacking hicolor-icon-theme (0.17-2) ...
Selecting previously unselected package imagemagick-6.q16.
Preparing to unpack .../45-imagemagick-6.q16_8%3a6.9.12.98+dfsg1-5.2build2_amd64.deb ...
Unpacking imagemagick-6.q16 (8:6.9.12.98+dfsg1-5.2build2) ...
Selecting previously unselected package imagemagick.
Preparing to unpack .../46-imagemagick_8%3a6.9.12.98+dfsg1-5.2build2_amd64.deb ...
Unpacking imagemagick (8:6.9.12.98+dfsg1-5.2build2) ...
Selecting previously unselected package libpixman-1-0:amd64.
Preparing to unpack .../47-libpixman-1-0_0.42.2-1build1_amd64.deb ...
Unpacking libpixman-1-0:amd64 (0.42.2-1build1) ...
Selecting previously unselected package libxcb-render0:amd64.
Preparing to unpack .../48-libxcb-render0_1.15-1ubuntu2_amd64.deb ...
Unpacking libxcb-render0:amd64 (1.15-1ubuntu2) ...
Selecting previously unselected package libxcb-shm0:amd64.
Preparing to unpack .../49-libxcb-shm0_1.15-1ubuntu2_amd64.deb ...
Unpacking libxcb-shm0:amd64 (1.15-1ubuntu2) ...
Selecting previously unselected package libcairo2:amd64.
Preparing to unpack .../50-libcairo2_1.18.0-3build1_amd64.deb ...
Unpacking libcairo2:amd64 (1.18.0-3build1) ...
Selecting previously unselected package libdatrie1:amd64.
Preparing to unpack .../51-libdatrie1_0.2.13-3build1_amd64.deb ...
Unpacking libdatrie1:amd64 (0.2.13-3build1) ...
Selecting previously unselected package libdjvulibre-text.
Preparing to unpack .../52-libdjvulibre-text_3.5.28-2build4_all.deb ...
Unpacking libdjvulibre-text (3.5.28-2build4) ...
Selecting previously unselected package libdjvulibre21:amd64.
Preparing to unpack .../53-libdjvulibre21_3.5.28-2build4_amd64.deb ...
Unpacking libdjvulibre21:amd64 (3.5.28-2build4) ...
Selecting previously unselected package libimath-3-1-29t64:amd64.
Preparing to unpack .../54-libimath-3-1-29t64_3.1.9-3.1ubuntu2_amd64.deb ...
Unpacking libimath-3-1-29t64:amd64 (3.1.9-3.1ubuntu2) ...
Selecting previously unselected package libjxr0t64:amd64.
Preparing to unpack .../55-libjxr0t64_1.2~git20170615.f752187-5.1ubuntu2_amd64.deb ...
Unpacking libjxr0t64:amd64 (1.2~git20170615.f752187-5.1ubuntu2) ...
Selecting previously unselected package libjxr-tools.
Preparing to unpack .../56-libjxr-tools_1.2~git20170615.f752187-5.1ubuntu2_amd64.deb ...
Unpacking libjxr-tools (1.2~git20170615.f752187-5.1ubuntu2) ...
Selecting previously unselected package libopenexr-3-1-30:amd64.
Preparing to unpack .../57-libopenexr-3-1-30_3.1.5-5.1build3_amd64.deb ...
Unpacking libopenexr-3-1-30:amd64 (3.1.5-5.1build3) ...
Selecting previously unselected package libthai-data.
Preparing to unpack .../58-libthai-data_0.1.29-2build1_all.deb ...
Unpacking libthai-data (0.1.29-2build1) ...
Selecting previously unselected package libthai0:amd64.
Preparing to unpack .../59-libthai0_0.1.29-2build1_amd64.deb ...
Unpacking libthai0:amd64 (0.1.29-2build1) ...
Selecting previously unselected package libpango-1.0-0:amd64.
Preparing to unpack .../60-libpango-1.0-0_1.52.1+ds-1build1_amd64.deb ...
Unpacking libpango-1.0-0:amd64 (1.52.1+ds-1build1) ...
Selecting previously unselected package libpangoft2-1.0-0:amd64.
Preparing to unpack .../61-libpangoft2-1.0-0_1.52.1+ds-1build1_amd64.deb ...
Unpacking libpangoft2-1.0-0:amd64 (1.52.1+ds-1build1) ...
Selecting previously unselected package libpangocairo-1.0-0:amd64.
Preparing to unpack .../62-libpangocairo-1.0-0_1.52.1+ds-1build1_amd64.deb ...
Unpacking libpangocairo-1.0-0:amd64 (1.52.1+ds-1build1) ...
Selecting previously unselected package libwmflite-0.2-7:amd64.
Preparing to unpack .../63-libwmflite-0.2-7_0.2.13-1.1build3_amd64.deb ...
Unpacking libwmflite-0.2-7:amd64 (0.2.13-1.1build3) ...
Selecting previously unselected package libmagickcore-6.q16-7-extra:amd64.
Preparing to unpack .../64-libmagickcore-6.q16-7-extra_8%3a6.9.12.98+dfsg1-5.2build2_amd64.deb ...
Unpacking libmagickcore-6.q16-7-extra:amd64 (8:6.9.12.98+dfsg1-5.2build2) ...
Selecting previously unselected package libnetpbm11t64:amd64.
Preparing to unpack .../65-libnetpbm11t64_2%3a11.05.02-1.1build1_amd64.deb ...
Unpacking libnetpbm11t64:amd64 (2:11.05.02-1.1build1) ...
Selecting previously unselected package libpaper-utils.
Preparing to unpack .../66-libpaper-utils_1.1.29build1_amd64.deb ...
Unpacking libpaper-utils (1.1.29build1) ...
Selecting previously unselected package netpbm.
Preparing to unpack .../67-netpbm_2%3a11.05.02-1.1build1_amd64.deb ...
Unpacking netpbm (2:11.05.02-1.1build1) ...
Setting up libpixman-1-0:amd64 (0.42.2-1build1) ...
Setting up libice6:amd64 (2:1.0.10-1build3) ...
Setting up fontconfig (2.15.0-1.1ubuntu2) ...
Regenerating fonts cache... done.
Setting up imagemagick-6-common (8:6.9.12.98+dfsg1-5.2build2) ...
Setting up libkeyutils1:amd64 (1.6.3-3build1) ...
Setting up libapparmor1:amd64 (4.0.1really4.0.1-0ubuntu0.24.04.3) ...
Setting up fonts-noto-mono (20201225-2) ...
Setting up hicolor-icon-theme (0.17-2) ...
Setting up libwmflite-0.2-7:amd64 (0.2.13-1.1build3) ...
Setting up libdatrie1:amd64 (0.2.13-3build1) ...
Setting up libxcb-render0:amd64 (1.15-1ubuntu2) ...
Setting up libijs-0.35:amd64 (0.35-15.1build1) ...
Setting up libgs-common (10.02.1~dfsg1-0ubuntu7.4) ...
Setting up krb5-locales (1.20.1-6ubuntu2.5) ...
Setting up libxcb-shm0:amd64 (1.15-1ubuntu2) ...
Setting up libcairo2:amd64 (1.18.0-3build1) ...
Setting up libnetpbm11t64:amd64 (2:11.05.02-1.1build1) ...
Setting up poppler-data (0.4.12-1) ...
Setting up libkrb5support0:amd64 (1.20.1-6ubuntu2.5) ...
Setting up libfontenc1:amd64 (1:1.1.8-1build1) ...
Setting up libjxr0t64:amd64 (1.2~git20170615.f752187-5.1ubuntu2) ...
Setting up libjbig2dec0:amd64 (0.20-1build3) ...
Setting up libavahi-common-data:amd64 (0.8-13ubuntu6) ...
Setting up libdbus-1-3:amd64 (1.14.10-4ubuntu4.1) ...
Setting up xfonts-encodings (1:1.0.5-0ubuntu2) ...
Setting up libimath-3-1-29t64:amd64 (3.1.9-3.1ubuntu2) ...
Setting up libidn12:amd64 (1.42-1build1) ...
Setting up ucf (3.0043+nmu1) ...
debconf: unable to initialize frontend: Dialog
debconf: (No usable dialog-like program is installed, so the dialog based frontend cannot be used. at /usr/share/perl5/Debconf/FrontEnd/Dialog.pm line 79.)
debconf: falling back to frontend: Readline
Setting up netpbm (2:11.05.02-1.1build1) ...
Setting up libk5crypto3:amd64 (1.20.1-6ubuntu2.5) ...
Setting up libltdl7:amd64 (2.4.7-7build1) ...
Setting up libfftw3-double3:amd64 (3.3.10-1ubuntu3) ...
Setting up libraw23t64:amd64 (0.21.2-2.1build1) ...
Setting up liblqr-1-0:amd64 (0.4.2-2.1build2) ...
Setting up dbus-session-bus-common (1.14.10-4ubuntu4.1) ...
Setting up libthai-data (0.1.29-2build1) ...
Setting up libkrb5-3:amd64 (1.20.1-6ubuntu2.5) ...
Setting up fonts-droid-fallback (1:6.0.1r16-1.1build1) ...
Setting up libdjvulibre-text (3.5.28-2build4) ...
Setting up dbus-system-bus-common (1.14.10-4ubuntu4.1) ...
Setting up libsm6:amd64 (2:1.2.3-1build3) ...
Setting up dbus-bin (1.14.10-4ubuntu4.1) ...
Setting up libpaper1:amd64 (1.1.29build1) ...
debconf: unable to initialize frontend: Dialog
debconf: (No usable dialog-like program is installed, so the dialog based frontend cannot be used. at /usr/share/perl5/Debconf/FrontEnd/Dialog.pm line 79.)
debconf: falling back to frontend: Readline

Creating config file /etc/papersize with new version
Setting up libjxr-tools (1.2~git20170615.f752187-5.1ubuntu2) ...
Setting up libdjvulibre21:amd64 (3.5.28-2build4) ...
Setting up libavahi-common3:amd64 (0.8-13ubuntu6) ...
Setting up libmagickcore-6.q16-7t64:amd64 (8:6.9.12.98+dfsg1-5.2build2) ...
Setting up dbus-daemon (1.14.10-4ubuntu4.1) ...
Setting up libpaper-utils (1.1.29build1) ...
Setting up xfonts-utils (1:7.7+6build3) ...
Setting up libmagickwand-6.q16-7t64:amd64 (8:6.9.12.98+dfsg1-5.2build2) ...
Setting up libthai0:amd64 (0.1.29-2build1) ...
Setting up dbus (1.14.10-4ubuntu4.1) ...
Setting up libopenexr-3-1-30:amd64 (3.1.5-5.1build3) ...
Setting up libxt6t64:amd64 (1:1.2.1-1.2build1) ...
Setting up libgssapi-krb5-2:amd64 (1.20.1-6ubuntu2.5) ...
Setting up imagemagick-6.q16 (8:6.9.12.98+dfsg1-5.2build2) ...
update-alternatives: using /usr/bin/compare-im6.q16 to provide /usr/bin/compare (compare) in auto mode
update-alternatives: warning: skip creation of /usr/share/man/man1/compare.1.gz because associated file /usr/share/man/man1/compare-im6.q16.1.gz (of link group compare) doesn't exist
update-alternatives: using /usr/bin/compare-im6.q16 to provide /usr/bin/compare-im6 (compare-im6) in auto mode
update-alternatives: warning: skip creation of /usr/share/man/man1/compare-im6.1.gz because associated file /usr/share/man/man1/compare-im6.q16.1.gz (of link group compare-im6) doesn't exist
update-alternatives: using /usr/bin/animate-im6.q16 to provide /usr/bin/animate (animate) in auto mode
update-alternatives: warning: skip creation of /usr/share/man/man1/animate.1.gz because associated file /usr/share/man/man1/animate-im6.q16.1.gz (of link group animate) doesn't exist
update-alternatives: using /usr/bin/animate-im6.q16 to provide /usr/bin/animate-im6 (animate-im6) in auto mode
update-alternatives: warning: skip creation of /usr/share/man/man1/animate-im6.1.gz because associated file /usr/share/man/man1/animate-im6.q16.1.gz (of link group animate-im6) doesn't exist
update-alternatives: using /usr/bin/convert-im6.q16 to provide /usr/bin/convert (convert) in auto mode
update-alternatives: warning: skip creation of /usr/share/man/man1/convert.1.gz because associated file /usr/share/man/man1/convert-im6.q16.1.gz (of link group convert) doesn't exist
update-alternatives: using /usr/bin/convert-im6.q16 to provide /usr/bin/convert-im6 (convert-im6) in auto mode
update-alternatives: warning: skip creation of /usr/share/man/man1/convert-im6.1.gz because associated file /usr/share/man/man1/convert-im6.q16.1.gz (of link group convert-im6) doesn't exist
update-alternatives: using /usr/bin/composite-im6.q16 to provide /usr/bin/composite (composite) in auto mode
update-alternatives: warning: skip creation of /usr/share/man/man1/composite.1.gz because associated file /usr/share/man/man1/composite-im6.q16.1.gz (of link group composite) doesn't exist
update-alternatives: using /usr/bin/composite-im6.q16 to provide /usr/bin/composite-im6 (composite-im6) in auto mode
update-alternatives: warning: skip creation of /usr/share/man/man1/composite-im6.1.gz because associated file /usr/share/man/man1/composite-im6.q16.1.gz (of link group composite-im6) doesn't exist
update-alternatives: using /usr/bin/conjure-im6.q16 to provide /usr/bin/conjure (conjure) in auto mode
update-alternatives: warning: skip creation of /usr/share/man/man1/conjure.1.gz because associated file /usr/share/man/man1/conjure-im6.q16.1.gz (of link group conjure) doesn't exist
update-alternatives: using /usr/bin/conjure-im6.q16 to provide /usr/bin/conjure-im6 (conjure-im6) in auto mode
update-alternatives: warning: skip creation of /usr/share/man/man1/conjure-im6.1.gz because associated file /usr/share/man/man1/conjure-im6.q16.1.gz (of link group conjure-im6) doesn't exist
update-alternatives: using /usr/bin/import-im6.q16 to provide /usr/bin/import (import) in auto mode
update-alternatives: warning: skip creation of /usr/share/man/man1/import.1.gz because associated file /usr/share/man/man1/import-im6.q16.1.gz (of link group import) doesn't exist
update-alternatives: using /usr/bin/import-im6.q16 to provide /usr/bin/import-im6 (import-im6) in auto mode
update-alternatives: warning: skip creation of /usr/share/man/man1/import-im6.1.gz because associated file /usr/share/man/man1/import-im6.q16.1.gz (of link group import-im6) doesn't exist
update-alternatives: using /usr/bin/identify-im6.q16 to provide /usr/bin/identify (identify) in auto mode
update-alternatives: warning: skip creation of /usr/share/man/man1/identify.1.gz because associated file /usr/share/man/man1/identify-im6.q16.1.gz (of link group identify) doesn't exist
update-alternatives: using /usr/bin/identify-im6.q16 to provide /usr/bin/identify-im6 (identify-im6) in auto mode
update-alternatives: warning: skip creation of /usr/share/man/man1/identify-im6.1.gz because associated file /usr/share/man/man1/identify-im6.q16.1.gz (of link group identify-im6) doesn't exist
update-alternatives: using /usr/bin/stream-im6.q16 to provide /usr/bin/stream (stream) in auto mode
update-alternatives: warning: skip creation of /usr/share/man/man1/stream.1.gz because associated file /usr/share/man/man1/stream-im6.q16.1.gz (of link group stream) doesn't exist
update-alternatives: using /usr/bin/stream-im6.q16 to provide /usr/bin/stream-im6 (stream-im6) in auto mode
update-alternatives: warning: skip creation of /usr/share/man/man1/stream-im6.1.gz because associated file /usr/share/man/man1/stream-im6.q16.1.gz (of link group stream-im6) doesn't exist
update-alternatives: using /usr/bin/display-im6.q16 to provide /usr/bin/display (display) in auto mode
update-alternatives: warning: skip creation of /usr/share/man/man1/display.1.gz because associated file /usr/share/man/man1/display-im6.q16.1.gz (of link group display) doesn't exist
update-alternatives: using /usr/bin/display-im6.q16 to provide /usr/bin/display-im6 (display-im6) in auto mode
update-alternatives: warning: skip creation of /usr/share/man/man1/display-im6.1.gz because associated file /usr/share/man/man1/display-im6.q16.1.gz (of link group display-im6) doesn't exist
update-alternatives: using /usr/bin/montage-im6.q16 to provide /usr/bin/montage (montage) in auto mode
update-alternatives: warning: skip creation of /usr/share/man/man1/montage.1.gz because associated file /usr/share/man/man1/montage-im6.q16.1.gz (of link group montage) doesn't exist
update-alternatives: using /usr/bin/montage-im6.q16 to provide /usr/bin/montage-im6 (montage-im6) in auto mode
update-alternatives: warning: skip creation of /usr/share/man/man1/montage-im6.1.gz because associated file /usr/share/man/man1/montage-im6.q16.1.gz (of link group montage-im6) doesn't exist
update-alternatives: using /usr/bin/mogrify-im6.q16 to provide /usr/bin/mogrify (mogrify) in auto mode
update-alternatives: warning: skip creation of /usr/share/man/man1/mogrify.1.gz because associated file /usr/share/man/man1/mogrify-im6.q16.1.gz (of link group mogrify) doesn't exist
update-alternatives: using /usr/bin/mogrify-im6.q16 to provide /usr/bin/mogrify-im6 (mogrify-im6) in auto mode
update-alternatives: warning: skip creation of /usr/share/man/man1/mogrify-im6.1.gz because associated file /usr/share/man/man1/mogrify-im6.q16.1.gz (of link group mogrify-im6) doesn't exist
Setting up libavahi-client3:amd64 (0.8-13ubuntu6) ...
Setting up libpango-1.0-0:amd64 (1.52.1+ds-1build1) ...
Setting up fonts-urw-base35 (20200910-8) ...
Setting up imagemagick (8:6.9.12.98+dfsg1-5.2build2) ...
Setting up libpangoft2-1.0-0:amd64 (1.52.1+ds-1build1) ...
Setting up libcups2t64:amd64 (2.4.7-1.2ubuntu7.3) ...
Setting up libpangocairo-1.0-0:amd64 (1.52.1+ds-1build1) ...
Setting up libgs10-common (10.02.1~dfsg1-0ubuntu7.4) ...
Setting up libmagickcore-6.q16-7-extra:amd64 (8:6.9.12.98+dfsg1-5.2build2) ...
Setting up libgs10:amd64 (10.02.1~dfsg1-0ubuntu7.4) ...
Setting up ghostscript (10.02.1~dfsg1-0ubuntu7.4) ...
Processing triggers for libc-bin (2.39-0ubuntu8.4) ...
root@c657fb5b2f98:/app# 
root@c657fb5b2f98:/app# 
root@c657fb5b2f98:/app# 
root@c657fb5b2f98:/app# 
root@c657fb5b2f98:/app# 
root@c657fb5b2f98:/app# 
convert diagram_*.png -append combined.png  
convert-im6.q16: unable to open image `diagram_*.png': No such file or directory @ error/blob.c/OpenBlob/2964.
convert-im6.q16: no images defined `combined.png' @ error/convert.c/ConvertImageCommand/3234.
root@c657fb5b2f98:/app# 
root@c657fb5b2f98:/app# 
root@c657fb5b2f98:/app# 
root@c657fb5b2f98:/app# 
convert *.png -append combined.png  
root@c657fb5b2f98:/app# history > historyfile_q5.txt
root@c657fb5b2f98:/app# 
exit
root@DELL:/home/saar/LINUX_Course_Project/Work/Q5# docker exec -it Q5_container bash
root@c657fb5b2f98:/# 
exit
root@DELL:/home/saar/LINUX_Course_Project/Work/Q5# 
root@DELL:/home/saar/LINUX_Course_Project/Work/Q5# 

root@DELL:/home/saar/LINUX_Course_Project/Work/Q5# 
root@DELL:/home/saar/LINUX_Course_Project/Work/Q5# 
root@DELL:/home/saar/LINUX_Course_Project/Work/Q5# 
root@DELL:/home/saar/LINUX_Course_Project/Work/Q5# 
root@DELL:/home/saar/LINUX_Course_Project/Work/Q5# 
root@DELL:/home/saar/LINUX_Course_Project/Work/Q5# docker start -ai my_container
Error response from daemon: No such container: my_container
root@DELL:/home/saar/LINUX_Course_Project/Work/Q5# docker start -ai Q5_container
root@c657fb5b2f98:/# convert diagram_*.png -reverse -append reversed.png 
convert-im6.q16: unable to open image `diagram_*.png': No such file or directory @ error/blob.c/OpenBlob/2964.
convert-im6.q16: no images defined `reversed.png' @ error/convert.c/ConvertImageCommand/3234.
root@c657fb5b2f98:/# convert *.png -reverse -append reversed.png 
convert-im6.q16: unable to open image `*.png': No such file or directory @ error/blob.c/OpenBlob/2964.
convert-im6.q16: no images defined `reversed.png' @ error/convert.c/ConvertImageCommand/3234.
root@c657fb5b2f98:/# ls                                          
app  bin  boot  dev  etc  home  lib  lib64  media  mnt  opt  proc  root  run  sbin  srv  sys  tmp  usr  var
root@c657fb5b2f98:/# cd app
root@c657fb5b2f98:/app# ls
Rose_histogram.png  Rose_scatter.png  cmd0.txt  combined.png        plant.py
Rose_line_plot.png  cmd.txt           cmd2.txt  historyfile_q5.txt
root@c657fb5b2f98:/app# convert *.png -reverse -append reversed.png 
root@c657fb5b2f98:/app# ls
Rose_histogram.png  Rose_scatter.png  cmd0.txt  combined.png        plant.py
Rose_line_plot.png  cmd.txt           cmd2.txt  historyfile_q5.txt  reversed.png
root@c657fb5b2f98:/app# rm reversed.png
root@c657fb5b2f98:/app# convert [rtm]*.png -reverse -append reversed.png 
convert-im6.q16: unable to open image `[rtm]*.png': No such file or directory @ error/blob.c/OpenBlob/2964.
convert-im6.q16: no images defined `reversed.png' @ error/convert.c/ConvertImageCommand/3234.
root@c657fb5b2f98:/app# 
root@c657fb5b2f98:/app# 
root@c657fb5b2f98:/app# 
root@c657fb5b2f98:/app# 
root@c657fb5b2f98:/app# magick [rtm]*.png -reverse -append reversed.png
bash: magick: command not found
root@c657fb5b2f98:/app# ls -la *.png
-rw-r--r-- 1 root root 22061 Mar 12 20:58 Rose_histogram.png
-rw-r--r-- 1 root root 31455 Mar 12 20:58 Rose_line_plot.png
-rw-r--r-- 1 root root 23606 Mar 12 20:58 Rose_scatter.png
-rw-r--r-- 1 root root 76821 Mar 12 21:17 combined.png
root@c657fb5b2f98:/app# ls -la [rtm]*.png
ls: cannot access '[rtm]*.png': No such file or directory
root@c657fb5b2f98:/app# ls -la '[rtm]*.png'
ls: cannot access '[rtm]*.png': No such file or directory
root@c657fb5b2f98:/app# ls -la "[rtm]*.png"
ls: cannot access '[rtm]*.png': No such file or directory
root@c657fb5b2f98:/app# ls -la *r.png *t.png *m.png
-rw-r--r-- 1 root root 22061 Mar 12 20:58 Rose_histogram.png
-rw-r--r-- 1 root root 31455 Mar 12 20:58 Rose_line_plot.png
-rw-r--r-- 1 root root 23606 Mar 12 20:58 Rose_scatter.png
root@c657fb5b2f98:/app# 
root@c657fb5b2f98:/app# 
root@c657fb5b2f98:/app# 
root@c657fb5b2f98:/app# convert -reverse *r.png *t.png *m.png comb_reverse.png
root@c657fb5b2f98:/app# rm *0.png *1.png *2.png
root@c657fb5b2f98:/app# 
root@c657fb5b2f98:/app# 
root@c657fb5b2f98:/app# ls -la !(*[!rtm]).png
bash: !: event not found
root@c657fb5b2f98:/app# ls -la (*[rtm]).png
bash: syntax error near unexpected token `('
root@c657fb5b2f98:/app# 
root@c657fb5b2f98:/app# 
root@c657fb5b2f98:/app# ls R*
Rose_histogram.png  Rose_line_plot.png  Rose_scatter.png
root@c657fb5b2f98:/app#                                                  
root@c657fb5b2f98:/app# 
root@c657fb5b2f98:/app# 
root@c657fb5b2f98:/app# convert R* -reverse -append reversed.png 
root@c657fb5b2f98:/app# cd ..
root@c657fb5b2f98:/# cd app
root@c657fb5b2f98:/app# histtory > history5a.txt
bash: histtory: command not found
root@c657fb5b2f98:/app# history > history5a.txt